  Determining projects to restore...
/opt/homebrew/Cellar/dotnet/10.0.103/libexec/sdk/10.0.103/Sdks/Microsoft.NET.Sdk/targets/Microsoft.NET.EolTargetFrameworks.targets(32,5): warning NETSDK1138: The target framework 'net6.0' is out of support and will not receive security updates in the future. Please refer to https://aka.ms/dotnet-core-support for more information about the support policy. [/Users/muhammadchaerulhafiz/Documents/sample-dotnet6-vuln/src/Sample.DotNet6.Api/Sample.DotNet6.Api.csproj]
/opt/homebrew/Cellar/dotnet/10.0.103/libexec/sdk/10.0.103/Sdks/Microsoft.NET.Sdk/targets/Microsoft.NET.EolTargetFrameworks.targets(32,5): warning NETSDK1138: The target framework 'net6.0' is out of support and will not receive security updates in the future. Please refer to https://aka.ms/dotnet-core-support for more information about the support policy. [/Users/muhammadchaerulhafiz/Documents/sample-dotnet6-vuln/src/Sample.DotNet6.Api/Sample.DotNet6.Api.csproj]
/Users/muhammadchaerulhafiz/Documents/sample-dotnet6-vuln/src/Sample.DotNet6.Domain/Sample.DotNet6.Domain.csproj : warning NU1903: Package 'Microsoft.Extensions.Caching.Memory' 6.0.0-rc.1.21451.13 has a known high severity vulnerability, https://github.com/advisories/GHSA-qj66-m88j-hmgj [/Users/muhammadchaerulhafiz/Documents/sample-dotnet6-vuln/src/Sample.DotNet6.Api/Sample.DotNet6.Api.csproj]
  All projects are up-to-date for restore.
/opt/homebrew/Cellar/dotnet/10.0.103/libexec/sdk/10.0.103/Sdks/Microsoft.NET.Sdk/targets/Microsoft.NET.EolTargetFrameworks.targets(32,5): warning NETSDK1138: The target framework 'net6.0' is out of support and will not receive security updates in the future. Please refer to https://aka.ms/dotnet-core-support for more information about the support policy. [/Users/muhammadchaerulhafiz/Documents/sample-dotnet6-vuln/src/Sample.DotNet6.Api/Sample.DotNet6.Api.csproj]
/Users/muhammadchaerulhafiz/Documents/sample-dotnet6-vuln/src/Sample.DotNet6.Domain/Services/CacheService.cs(13,71): warning CS8603: Possible null reference return. [/Users/muhammadchaerulhafiz/Documents/sample-dotnet6-vuln/src/Sample.DotNet6.Domain/Sample.DotNet6.Domain.csproj]
/Users/muhammadchaerulhafiz/Documents/sample-dotnet6-vuln/src/Sample.DotNet6.Domain/Services/CacheService.cs(15,24): warning CA1062: In externally visible method 'T CacheService.GetValue<T>(string key, Func<T> getValue)', validate parameter 'getValue' is non-null before using it. If appropriate, throw an 'ArgumentNullException' when the argument is 'null'. (https://learn.microsoft.com/dotnet/fundamentals/code-analysis/quality-rules/ca1062) [/Users/muhammadchaerulhafiz/Documents/sample-dotnet6-vuln/src/Sample.DotNet6.Domain/Sample.DotNet6.Domain.csproj]
  Sample.DotNet6.Domain -> /Users/muhammadchaerulhafiz/Documents/sample-dotnet6-vuln/src/Sample.DotNet6.Domain/bin/Debug/net6.0/Sample.DotNet6.Domain.dll
/Users/muhammadchaerulhafiz/Documents/sample-dotnet6-vuln/src/Sample.DotNet6.Api.Core/Extensions/WebExtensions.cs(10,26): warning CA2007: Consider calling ConfigureAwait on the awaited task (https://learn.microsoft.com/dotnet/fundamentals/code-analysis/quality-rules/ca2007) [/Users/muhammadchaerulhafiz/Documents/sample-dotnet6-vuln/src/Sample.DotNet6.Api.Core/Sample.DotNet6.Api.Core.csproj]
/Users/muhammadchaerulhafiz/Documents/sample-dotnet6-vuln/src/Sample.DotNet6.Api.Core/Extensions/WebExtensions.cs(10,26): warning CA1062: In externally visible method 'Task<T> WebExtensions.ExecuteAsync<T>(Func<Task<T>> executeAsync)', validate parameter 'executeAsync' is non-null before using it. If appropriate, throw an 'ArgumentNullException' when the argument is 'null'. (https://learn.microsoft.com/dotnet/fundamentals/code-analysis/quality-rules/ca1062) [/Users/muhammadchaerulhafiz/Documents/sample-dotnet6-vuln/src/Sample.DotNet6.Api.Core/Sample.DotNet6.Api.Core.csproj]
/Users/muhammadchaerulhafiz/Documents/sample-dotnet6-vuln/src/Sample.DotNet6.Api.Core/Extensions/ServicesExtensions.cs(13,13): warning CA1062: In externally visible method 'void ServicesExtensions.Setup(WebApplicationBuilder builder)', validate parameter 'builder' is non-null before using it. If appropriate, throw an 'ArgumentNullException' when the argument is 'null'. (https://learn.microsoft.com/dotnet/fundamentals/code-analysis/quality-rules/ca1062) [/Users/muhammadchaerulhafiz/Documents/sample-dotnet6-vuln/src/Sample.DotNet6.Api.Core/Sample.DotNet6.Api.Core.csproj]
  Sample.DotNet6.Api.Core -> /Users/muhammadchaerulhafiz/Documents/sample-dotnet6-vuln/src/Sample.DotNet6.Api.Core/bin/Debug/net6.0/Sample.DotNet6.Api.Core.dll
/Users/muhammadchaerulhafiz/Documents/sample-dotnet6-vuln/src/Sample.DotNet6.Api/Controllers/VulnerableController.cs(17,26): warning S6968: Annotate this method with ProducesResponseType containing the return type for successful responses. (https://rules.sonarsource.com/csharp/RSPEC-6968) [/Users/muhammadchaerulhafiz/Documents/sample-dotnet6-vuln/src/Sample.DotNet6.Api/Sample.DotNet6.Api.csproj]
/Users/muhammadchaerulhafiz/Documents/sample-dotnet6-vuln/src/Sample.DotNet6.Api/Controllers/VulnerableController.cs(39,26): warning S6968: Annotate this method with ProducesResponseType containing the return type for successful responses. (https://rules.sonarsource.com/csharp/RSPEC-6968) [/Users/muhammadchaerulhafiz/Documents/sample-dotnet6-vuln/src/Sample.DotNet6.Api/Sample.DotNet6.Api.csproj]
/Users/muhammadchaerulhafiz/Documents/sample-dotnet6-vuln/src/Sample.DotNet6.Api/Controllers/VulnerableController.cs(48,26): warning S6968: Annotate this method with ProducesResponseType containing the return type for successful responses. (https://rules.sonarsource.com/csharp/RSPEC-6968) [/Users/muhammadchaerulhafiz/Documents/sample-dotnet6-vuln/src/Sample.DotNet6.Api/Sample.DotNet6.Api.csproj]
/Users/muhammadchaerulhafiz/Documents/sample-dotnet6-vuln/src/Sample.DotNet6.Api/Controllers/ExampleController.cs(16,19): warning CA2007: Consider calling ConfigureAwait on the awaited task (https://learn.microsoft.com/dotnet/fundamentals/code-analysis/quality-rules/ca2007) [/Users/muhammadchaerulhafiz/Documents/sample-dotnet6-vuln/src/Sample.DotNet6.Api/Sample.DotNet6.Api.csproj]
/Users/muhammadchaerulhafiz/Documents/sample-dotnet6-vuln/src/Sample.DotNet6.Api/Controllers/VulnerableController.cs(51,26): warning CA5351: WeakHashing uses a broken cryptographic algorithm MD5 (https://learn.microsoft.com/dotnet/fundamentals/code-analysis/quality-rules/ca5351) [/Users/muhammadchaerulhafiz/Documents/sample-dotnet6-vuln/src/Sample.DotNet6.Api/Sample.DotNet6.Api.csproj]
/Users/muhammadchaerulhafiz/Documents/sample-dotnet6-vuln/src/Sample.DotNet6.Api/Controllers/VulnerableController.cs(42,23): warning CA3003: Potential file path injection vulnerability was found where 'string File.ReadAllText(string path)' in method 'IActionResult VulnerableController.PathTraversal(string filename)' may be tainted by user-controlled data from 'string filename' in method 'IActionResult VulnerableController.PathTraversal(string filename)'. (https://learn.microsoft.com/dotnet/fundamentals/code-analysis/quality-rules/ca3003) [/Users/muhammadchaerulhafiz/Documents/sample-dotnet6-vuln/src/Sample.DotNet6.Api/Sample.DotNet6.Api.csproj]
/Users/muhammadchaerulhafiz/Documents/sample-dotnet6-vuln/src/Sample.DotNet6.Api/Controllers/VulnerableController.cs(28,26): warning S6968: Annotate this method with ProducesResponseType containing the return type for successful responses. (https://rules.sonarsource.com/csharp/RSPEC-6968) [/Users/muhammadchaerulhafiz/Documents/sample-dotnet6-vuln/src/Sample.DotNet6.Api/Sample.DotNet6.Api.csproj]
/Users/muhammadchaerulhafiz/Documents/sample-dotnet6-vuln/src/Sample.DotNet6.Api/Controllers/VulnerableController.cs(30,23): warning CA2000: Call System.IDisposable.Dispose on object created by 'new Process()' before all references to it are out of scope (https://learn.microsoft.com/dotnet/fundamentals/code-analysis/quality-rules/ca2000) [/Users/muhammadchaerulhafiz/Documents/sample-dotnet6-vuln/src/Sample.DotNet6.Api/Sample.DotNet6.Api.csproj]
/Users/muhammadchaerulhafiz/Documents/sample-dotnet6-vuln/src/Sample.DotNet6.Api/Controllers/VulnerableController.cs(77,46): warning CA1054: Change the type of parameter 'url' of method 'VulnerableController.OpenRedirect(string)' from 'string' to 'System.Uri', or provide an overload to 'VulnerableController.OpenRedirect(string)' that allows 'url' to be passed as a 'System.Uri' object (https://learn.microsoft.com/dotnet/fundamentals/code-analysis/quality-rules/ca1054) [/Users/muhammadchaerulhafiz/Documents/sample-dotnet6-vuln/src/Sample.DotNet6.Api/Sample.DotNet6.Api.csproj]
/Users/muhammadchaerulhafiz/Documents/sample-dotnet6-vuln/src/Sample.DotNet6.Api/Controllers/VulnerableController.cs(32,9): warning CA3006: Potential process command injection vulnerability was found where 'string ProcessStartInfo.Arguments' in method 'IActionResult VulnerableController.CommandInjection(string input)' may be tainted by user-controlled data from 'string input' in method 'IActionResult VulnerableController.CommandInjection(string input)'. (https://learn.microsoft.com/dotnet/fundamentals/code-analysis/quality-rules/ca3006) [/Users/muhammadchaerulhafiz/Documents/sample-dotnet6-vuln/src/Sample.DotNet6.Api/Sample.DotNet6.Api.csproj]
/Users/muhammadchaerulhafiz/Documents/sample-dotnet6-vuln/src/Sample.DotNet6.Api/Controllers/VulnerableController.cs(85,26): warning S6968: Annotate this method with ProducesResponseType containing the return type for successful responses. (https://rules.sonarsource.com/csharp/RSPEC-6968) [/Users/muhammadchaerulhafiz/Documents/sample-dotnet6-vuln/src/Sample.DotNet6.Api/Sample.DotNet6.Api.csproj]
/Users/muhammadchaerulhafiz/Documents/sample-dotnet6-vuln/src/Sample.DotNet6.Api/Controllers/VulnerableController.cs(60,26): warning S6968: Annotate this method with ProducesResponseType containing the return type for successful responses. (https://rules.sonarsource.com/csharp/RSPEC-6968) [/Users/muhammadchaerulhafiz/Documents/sample-dotnet6-vuln/src/Sample.DotNet6.Api/Sample.DotNet6.Api.csproj]
/Users/muhammadchaerulhafiz/Documents/sample-dotnet6-vuln/src/Sample.DotNet6.Api/Controllers/VulnerableController.cs(64,19): warning CA5394: Random is an insecure random number generator. Use cryptographically secure random number generators when randomness is required for security. (https://learn.microsoft.com/dotnet/fundamentals/code-analysis/quality-rules/ca5394) [/Users/muhammadchaerulhafiz/Documents/sample-dotnet6-vuln/src/Sample.DotNet6.Api/Sample.DotNet6.Api.csproj]
/Users/muhammadchaerulhafiz/Documents/sample-dotnet6-vuln/src/Sample.DotNet6.Api/Program.cs(39,1): warning S6966: Await RunAsync instead. (https://rules.sonarsource.com/csharp/RSPEC-6966) [/Users/muhammadchaerulhafiz/Documents/sample-dotnet6-vuln/src/Sample.DotNet6.Api/Sample.DotNet6.Api.csproj]
  Sample.DotNet6.Api -> /Users/muhammadchaerulhafiz/Documents/sample-dotnet6-vuln/src/Sample.DotNet6.Api/bin/Debug/net6.0/Sample.DotNet6.Api.dll

Build succeeded.

/opt/homebrew/Cellar/dotnet/10.0.103/libexec/sdk/10.0.103/Sdks/Microsoft.NET.Sdk/targets/Microsoft.NET.EolTargetFrameworks.targets(32,5): warning NETSDK1138: The target framework 'net6.0' is out of support and will not receive security updates in the future. Please refer to https://aka.ms/dotnet-core-support for more information about the support policy. [/Users/muhammadchaerulhafiz/Documents/sample-dotnet6-vuln/src/Sample.DotNet6.Api/Sample.DotNet6.Api.csproj]
/opt/homebrew/Cellar/dotnet/10.0.103/libexec/sdk/10.0.103/Sdks/Microsoft.NET.Sdk/targets/Microsoft.NET.EolTargetFrameworks.targets(32,5): warning NETSDK1138: The target framework 'net6.0' is out of support and will not receive security updates in the future. Please refer to https://aka.ms/dotnet-core-support for more information about the support policy. [/Users/muhammadchaerulhafiz/Documents/sample-dotnet6-vuln/src/Sample.DotNet6.Api/Sample.DotNet6.Api.csproj]
/Users/muhammadchaerulhafiz/Documents/sample-dotnet6-vuln/src/Sample.DotNet6.Domain/Sample.DotNet6.Domain.csproj : warning NU1903: Package 'Microsoft.Extensions.Caching.Memory' 6.0.0-rc.1.21451.13 has a known high severity vulnerability, https://github.com/advisories/GHSA-qj66-m88j-hmgj [/Users/muhammadchaerulhafiz/Documents/sample-dotnet6-vuln/src/Sample.DotNet6.Api/Sample.DotNet6.Api.csproj]
/opt/homebrew/Cellar/dotnet/10.0.103/libexec/sdk/10.0.103/Sdks/Microsoft.NET.Sdk/targets/Microsoft.NET.EolTargetFrameworks.targets(32,5): warning NETSDK1138: The target framework 'net6.0' is out of support and will not receive security updates in the future. Please refer to https://aka.ms/dotnet-core-support for more information about the support policy. [/Users/muhammadchaerulhafiz/Documents/sample-dotnet6-vuln/src/Sample.DotNet6.Api/Sample.DotNet6.Api.csproj]
/Users/muhammadchaerulhafiz/Documents/sample-dotnet6-vuln/src/Sample.DotNet6.Domain/Services/CacheService.cs(13,71): warning CS8603: Possible null reference return. [/Users/muhammadchaerulhafiz/Documents/sample-dotnet6-vuln/src/Sample.DotNet6.Domain/Sample.DotNet6.Domain.csproj]
/Users/muhammadchaerulhafiz/Documents/sample-dotnet6-vuln/src/Sample.DotNet6.Domain/Services/CacheService.cs(15,24): warning CA1062: In externally visible method 'T CacheService.GetValue<T>(string key, Func<T> getValue)', validate parameter 'getValue' is non-null before using it. If appropriate, throw an 'ArgumentNullException' when the argument is 'null'. (https://learn.microsoft.com/dotnet/fundamentals/code-analysis/quality-rules/ca1062) [/Users/muhammadchaerulhafiz/Documents/sample-dotnet6-vuln/src/Sample.DotNet6.Domain/Sample.DotNet6.Domain.csproj]
/Users/muhammadchaerulhafiz/Documents/sample-dotnet6-vuln/src/Sample.DotNet6.Api.Core/Extensions/WebExtensions.cs(10,26): warning CA2007: Consider calling ConfigureAwait on the awaited task (https://learn.microsoft.com/dotnet/fundamentals/code-analysis/quality-rules/ca2007) [/Users/muhammadchaerulhafiz/Documents/sample-dotnet6-vuln/src/Sample.DotNet6.Api.Core/Sample.DotNet6.Api.Core.csproj]
/Users/muhammadchaerulhafiz/Documents/sample-dotnet6-vuln/src/Sample.DotNet6.Api.Core/Extensions/WebExtensions.cs(10,26): warning CA1062: In externally visible method 'Task<T> WebExtensions.ExecuteAsync<T>(Func<Task<T>> executeAsync)', validate parameter 'executeAsync' is non-null before using it. If appropriate, throw an 'ArgumentNullException' when the argument is 'null'. (https://learn.microsoft.com/dotnet/fundamentals/code-analysis/quality-rules/ca1062) [/Users/muhammadchaerulhafiz/Documents/sample-dotnet6-vuln/src/Sample.DotNet6.Api.Core/Sample.DotNet6.Api.Core.csproj]
/Users/muhammadchaerulhafiz/Documents/sample-dotnet6-vuln/src/Sample.DotNet6.Api.Core/Extensions/ServicesExtensions.cs(13,13): warning CA1062: In externally visible method 'void ServicesExtensions.Setup(WebApplicationBuilder builder)', validate parameter 'builder' is non-null before using it. If appropriate, throw an 'ArgumentNullException' when the argument is 'null'. (https://learn.microsoft.com/dotnet/fundamentals/code-analysis/quality-rules/ca1062) [/Users/muhammadchaerulhafiz/Documents/sample-dotnet6-vuln/src/Sample.DotNet6.Api.Core/Sample.DotNet6.Api.Core.csproj]
/Users/muhammadchaerulhafiz/Documents/sample-dotnet6-vuln/src/Sample.DotNet6.Api/Controllers/VulnerableController.cs(17,26): warning S6968: Annotate this method with ProducesResponseType containing the return type for successful responses. (https://rules.sonarsource.com/csharp/RSPEC-6968) [/Users/muhammadchaerulhafiz/Documents/sample-dotnet6-vuln/src/Sample.DotNet6.Api/Sample.DotNet6.Api.csproj]
/Users/muhammadchaerulhafiz/Documents/sample-dotnet6-vuln/src/Sample.DotNet6.Api/Controllers/VulnerableController.cs(39,26): warning S6968: Annotate this method with ProducesResponseType containing the return type for successful responses. (https://rules.sonarsource.com/csharp/RSPEC-6968) [/Users/muhammadchaerulhafiz/Documents/sample-dotnet6-vuln/src/Sample.DotNet6.Api/Sample.DotNet6.Api.csproj]
/Users/muhammadchaerulhafiz/Documents/sample-dotnet6-vuln/src/Sample.DotNet6.Api/Controllers/VulnerableController.cs(48,26): warning S6968: Annotate this method with ProducesResponseType containing the return type for successful responses. (https://rules.sonarsource.com/csharp/RSPEC-6968) [/Users/muhammadchaerulhafiz/Documents/sample-dotnet6-vuln/src/Sample.DotNet6.Api/Sample.DotNet6.Api.csproj]
/Users/muhammadchaerulhafiz/Documents/sample-dotnet6-vuln/src/Sample.DotNet6.Api/Controllers/ExampleController.cs(16,19): warning CA2007: Consider calling ConfigureAwait on the awaited task (https://learn.microsoft.com/dotnet/fundamentals/code-analysis/quality-rules/ca2007) [/Users/muhammadchaerulhafiz/Documents/sample-dotnet6-vuln/src/Sample.DotNet6.Api/Sample.DotNet6.Api.csproj]
/Users/muhammadchaerulhafiz/Documents/sample-dotnet6-vuln/src/Sample.DotNet6.Api/Controllers/VulnerableController.cs(51,26): warning CA5351: WeakHashing uses a broken cryptographic algorithm MD5 (https://learn.microsoft.com/dotnet/fundamentals/code-analysis/quality-rules/ca5351) [/Users/muhammadchaerulhafiz/Documents/sample-dotnet6-vuln/src/Sample.DotNet6.Api/Sample.DotNet6.Api.csproj]
/Users/muhammadchaerulhafiz/Documents/sample-dotnet6-vuln/src/Sample.DotNet6.Api/Controllers/VulnerableController.cs(42,23): warning CA3003: Potential file path injection vulnerability was found where 'string File.ReadAllText(string path)' in method 'IActionResult VulnerableController.PathTraversal(string filename)' may be tainted by user-controlled data from 'string filename' in method 'IActionResult VulnerableController.PathTraversal(string filename)'. (https://learn.microsoft.com/dotnet/fundamentals/code-analysis/quality-rules/ca3003) [/Users/muhammadchaerulhafiz/Documents/sample-dotnet6-vuln/src/Sample.DotNet6.Api/Sample.DotNet6.Api.csproj]
/Users/muhammadchaerulhafiz/Documents/sample-dotnet6-vuln/src/Sample.DotNet6.Api/Controllers/VulnerableController.cs(28,26): warning S6968: Annotate this method with ProducesResponseType containing the return type for successful responses. (https://rules.sonarsource.com/csharp/RSPEC-6968) [/Users/muhammadchaerulhafiz/Documents/sample-dotnet6-vuln/src/Sample.DotNet6.Api/Sample.DotNet6.Api.csproj]
/Users/muhammadchaerulhafiz/Documents/sample-dotnet6-vuln/src/Sample.DotNet6.Api/Controllers/VulnerableController.cs(30,23): warning CA2000: Call System.IDisposable.Dispose on object created by 'new Process()' before all references to it are out of scope (https://learn.microsoft.com/dotnet/fundamentals/code-analysis/quality-rules/ca2000) [/Users/muhammadchaerulhafiz/Documents/sample-dotnet6-vuln/src/Sample.DotNet6.Api/Sample.DotNet6.Api.csproj]
/Users/muhammadchaerulhafiz/Documents/sample-dotnet6-vuln/src/Sample.DotNet6.Api/Controllers/VulnerableController.cs(77,46): warning CA1054: Change the type of parameter 'url' of method 'VulnerableController.OpenRedirect(string)' from 'string' to 'System.Uri', or provide an overload to 'VulnerableController.OpenRedirect(string)' that allows 'url' to be passed as a 'System.Uri' object (https://learn.microsoft.com/dotnet/fundamentals/code-analysis/quality-rules/ca1054) [/Users/muhammadchaerulhafiz/Documents/sample-dotnet6-vuln/src/Sample.DotNet6.Api/Sample.DotNet6.Api.csproj]
/Users/muhammadchaerulhafiz/Documents/sample-dotnet6-vuln/src/Sample.DotNet6.Api/Controllers/VulnerableController.cs(32,9): warning CA3006: Potential process command injection vulnerability was found where 'string ProcessStartInfo.Arguments' in method 'IActionResult VulnerableController.CommandInjection(string input)' may be tainted by user-controlled data from 'string input' in method 'IActionResult VulnerableController.CommandInjection(string input)'. (https://learn.microsoft.com/dotnet/fundamentals/code-analysis/quality-rules/ca3006) [/Users/muhammadchaerulhafiz/Documents/sample-dotnet6-vuln/src/Sample.DotNet6.Api/Sample.DotNet6.Api.csproj]
/Users/muhammadchaerulhafiz/Documents/sample-dotnet6-vuln/src/Sample.DotNet6.Api/Controllers/VulnerableController.cs(85,26): warning S6968: Annotate this method with ProducesResponseType containing the return type for successful responses. (https://rules.sonarsource.com/csharp/RSPEC-6968) [/Users/muhammadchaerulhafiz/Documents/sample-dotnet6-vuln/src/Sample.DotNet6.Api/Sample.DotNet6.Api.csproj]
/Users/muhammadchaerulhafiz/Documents/sample-dotnet6-vuln/src/Sample.DotNet6.Api/Controllers/VulnerableController.cs(60,26): warning S6968: Annotate this method with ProducesResponseType containing the return type for successful responses. (https://rules.sonarsource.com/csharp/RSPEC-6968) [/Users/muhammadchaerulhafiz/Documents/sample-dotnet6-vuln/src/Sample.DotNet6.Api/Sample.DotNet6.Api.csproj]
/Users/muhammadchaerulhafiz/Documents/sample-dotnet6-vuln/src/Sample.DotNet6.Api/Controllers/VulnerableController.cs(64,19): warning CA5394: Random is an insecure random number generator. Use cryptographically secure random number generators when randomness is required for security. (https://learn.microsoft.com/dotnet/fundamentals/code-analysis/quality-rules/ca5394) [/Users/muhammadchaerulhafiz/Documents/sample-dotnet6-vuln/src/Sample.DotNet6.Api/Sample.DotNet6.Api.csproj]
/Users/muhammadchaerulhafiz/Documents/sample-dotnet6-vuln/src/Sample.DotNet6.Api/Program.cs(39,1): warning S6966: Await RunAsync instead. (https://rules.sonarsource.com/csharp/RSPEC-6966) [/Users/muhammadchaerulhafiz/Documents/sample-dotnet6-vuln/src/Sample.DotNet6.Api/Sample.DotNet6.Api.csproj]
    23 Warning(s)
    0 Error(s)

Time Elapsed 00:00:01.49
